// Jest Snapshot v1, https://goo.gl/fbAQLP

exports[`Card Component Card  toMatchSnapshot 1`] = `<card />`;
