// Jest Snapshot v1, https://goo.gl/fbAQLP

exports[`Header Component Header  toMatchSnapshot 1`] = `
<View
  style={
    Array [
      Object {
        "backgroundColor": "#03386F",
        "borderBottomColor": "#ddd",
        "borderBottomWidth": 2,
        "flexDirection": "row",
        "justifyContent": "space-between",
        "paddingHorizontal": 15,
        "paddingTop": null,
        "shadowColor": "#000",
        "shadowOffset": Object {
          "height": 2,
          "width": 0,
        },
        "shadowOpacity": 0.25,
        "shadowRadius": 3.84,
        "width": "100%",
      },
      undefined,
    ]
  }
>
  <View
    style={
      Object {
        "alignItems": "flex-start",
        "flex": 0.3,
        "justifyContent": "center",
      }
    }
  >
    <View
      style={
        Object {
          "borderRadius": 10,
          "height": 60,
          "marginLeft": 5,
          "width": 150,
        }
      }
    >
      <Text
        style={
          Object {
            "color": "#FFFFFF",
            "fontSize": 49,
            "fontWeight": "700",
            "textAlignVertical": "bottom",
          }
        }
      />
    </View>
  </View>
</View>
`;
